{
  "Id": 0,
  "Name": null,
  "Description": null,
  "Users": [
    "000000001",
    "000000002"
  ],
  "CreatedBy": null,
  "CreatedDate": "0001-01-01T00:00:00+00:00",
  "ClosedBy": null,
  "ClosedDate": "0001-01-01T00:00:00+00:00"
}