{
  "Id": 0,
  "Name": null,
  "Description": null,
  "Users": [
    "000000002"
  ],
  "CreatedBy": null,
  "CreatedDate": "0001-01-01T00:00:00+00:00",
  "ClosedBy": "100000003",
  "ClosedDate": "2021-01-04T00:00:00+00:00"
}