{
  "Id": 1,
  "Name": "New Aggregate",
  "Description": "Some Description",
  "Users": [],
  "CreatedBy": "100000003",
  "CreatedDate": "2021-01-01T00:00:00+00:00",
  "ClosedBy": null,
  "ClosedDate": "0001-01-01T00:00:00+00:00"
}